main.c:192:6:write_flash	32	static
main.c:203:6:read_flash	16	static
main.c:207:6:read_time_date	24	static
main.c:218:6:read_saved_sp	32	static
main.c:225:6:read_saved_err	32	static
main.c:233:6:erase_flash	40	static
main.c:249:5:save_struct_flash	32	static
main.c:257:6:save_time_data	24	static
main.c:268:6:save_data_value	40	static
main.c:285:9:get_data_offset	16	static
main.c:305:10:get_data_offset_line	16	static
main.c:312:14:angle_error	24	static
main.c:319:13:motor_stop	8	static
main.c:325:6:I2C_controllerTask	48	static
main.c:341:6:as5600_readerTask	40	static
main.c:364:6:pid_controlTask	88	static
main.c:440:6:buttonHandlerTask	88	static
main.c:620:6:menuTask	80	static
main.c:827:6:UART_Command_Task	112	static
main.c:964:6:HAL_UART_RxCpltCallback	24	static
main.c:1001:6:EXTI3_IRQHandler	16	static,ignoring_inline_asm
main.c:1009:6:EXTI4_IRQHandler	16	static,ignoring_inline_asm
main.c:1017:6:EXTI9_5_IRQHandler	16	static,ignoring_inline_asm
main.c:1025:6:EXTI15_10_IRQHandler	16	static,ignoring_inline_asm
main.c:1038:5:main	16	static
main.c:1113:6:SystemClock_Config	72	static
main.c:1152:13:MX_I2C2_Init	8	static
main.c:1186:13:MX_TIM1_Init	80	static
main.c:1251:13:MX_USART2_UART_Init	8	static
main.c:1284:13:MX_GPIO_Init	40	static
main.c:1352:6:HAL_TIM_PeriodElapsedCallback	16	static
main.c:1369:6:Error_Handler	4	static,ignoring_inline_asm
