Added Component: Designator=C1(CAP_Axial_0.2mm)
Added Component: Designator=C2(CAP_Axial_0.2mm)
Added Component: Designator=C3(C_RAD_11MM)
Added Component: Designator=C4(C_RAD_5mm)
Added Component: Designator=C5(C_RAD_5mm)
Added Component: Designator=C6(CAP_Axial_0.2mm)
Added Component: Designator=C7(CAP_Axial_0.2mm)
Added Component: Designator=C8(CAP_Axial_0.2mm)
Added Component: Designator=CN1(1*4P_FEMALE)
Add component (AddParameter): Name = "LatestRevisionDate"; Value = "17-Jul-2002"; VariantName = "[No Variations]"
Add component (AddParameter): Name = "LatestRevisionNote"; Value = "Re-released for DXP Platform."; VariantName = "[No Variations]"
Add component (AddParameter): Name = "Publisher"; Value = "Altium Limited"; VariantName = "[No Variations]"
Added Component: Designator=CN2(1*4P_FEMALE)
Add component (AddParameter): Name = "LatestRevisionDate"; Value = "17-Jul-2002"; VariantName = "[No Variations]"
Add component (AddParameter): Name = "LatestRevisionNote"; Value = "Re-released for DXP Platform."; VariantName = "[No Variations]"
Add component (AddParameter): Name = "Publisher"; Value = "Altium Limited"; VariantName = "[No Variations]"
Added Component: Designator=CN3(1*20P_FEMALE)
Added Component: Designator=CN4(1*20P_FEMALE)
Added Component: Designator=CN5(1*5P_FEMALE)
Add component (AddParameter): Name = "LatestRevisionDate"; Value = "17-Jul-2002"; VariantName = "[No Variations]"
Add component (AddParameter): Name = "LatestRevisionNote"; Value = "Re-released for DXP Platform."; VariantName = "[No Variations]"
Add component (AddParameter): Name = "Publisher"; Value = "Altium Limited"; VariantName = "[No Variations]"
Added Component: Designator=CN6(1*3P_FEMALE)
Add component (AddParameter): Name = "LatestRevisionDate"; Value = "17-Jul-2002"; VariantName = "[No Variations]"
Add component (AddParameter): Name = "LatestRevisionNote"; Value = "Re-released for DXP Platform."; VariantName = "[No Variations]"
Add component (AddParameter): Name = "Publisher"; Value = "Altium Limited"; VariantName = "[No Variations]"
Added Component: Designator=CN7(1*3P_FEMALE)
Add component (AddParameter): Name = "LatestRevisionDate"; Value = "17-Jul-2002"; VariantName = "[No Variations]"
Add component (AddParameter): Name = "LatestRevisionNote"; Value = "Re-released for DXP Platform."; VariantName = "[No Variations]"
Add component (AddParameter): Name = "Publisher"; Value = "Altium Limited"; VariantName = "[No Variations]"
Added Component: Designator=CN8(JUMPER 2x1 PIN)
Add component (AddParameter): Name = "LatestRevisionDate"; Value = "17-Jul-2002"; VariantName = "[No Variations]"
Add component (AddParameter): Name = "LatestRevisionNote"; Value = "Re-released for DXP Platform."; VariantName = "[No Variations]"
Add component (AddParameter): Name = "Publisher"; Value = "Altium Limited"; VariantName = "[No Variations]"
Added Component: Designator=CN9(JUMPER 2x1 PIN)
Add component (AddParameter): Name = "LatestRevisionDate"; Value = "17-Jul-2002"; VariantName = "[No Variations]"
Add component (AddParameter): Name = "LatestRevisionNote"; Value = "Re-released for DXP Platform."; VariantName = "[No Variations]"
Add component (AddParameter): Name = "Publisher"; Value = "Altium Limited"; VariantName = "[No Variations]"
Added Component: Designator=CN10(TERMINAL_BLOCK_2_PIN)
Added Component: Designator=CN11(1*1P_MALE)
Add component (AddParameter): Name = "LatestRevisionDate"; Value = "17-Jul-2002"; VariantName = "[No Variations]"
Add component (AddParameter): Name = "LatestRevisionNote"; Value = "Re-released for DXP Platform."; VariantName = "[No Variations]"
Add component (AddParameter): Name = "Publisher"; Value = "Altium Limited"; VariantName = "[No Variations]"
Added Component: Designator=CN12(1*1P_MALE)
Add component (AddParameter): Name = "LatestRevisionDate"; Value = "17-Jul-2002"; VariantName = "[No Variations]"
Add component (AddParameter): Name = "LatestRevisionNote"; Value = "Re-released for DXP Platform."; VariantName = "[No Variations]"
Add component (AddParameter): Name = "Publisher"; Value = "Altium Limited"; VariantName = "[No Variations]"
Added Component: Designator=CN13(1*1P_MALE)
Add component (AddParameter): Name = "LatestRevisionDate"; Value = "17-Jul-2002"; VariantName = "[No Variations]"
Add component (AddParameter): Name = "LatestRevisionNote"; Value = "Re-released for DXP Platform."; VariantName = "[No Variations]"
Add component (AddParameter): Name = "Publisher"; Value = "Altium Limited"; VariantName = "[No Variations]"
Added Component: Designator=CN14(1*1P_MALE)
Add component (AddParameter): Name = "LatestRevisionDate"; Value = "17-Jul-2002"; VariantName = "[No Variations]"
Add component (AddParameter): Name = "LatestRevisionNote"; Value = "Re-released for DXP Platform."; VariantName = "[No Variations]"
Add component (AddParameter): Name = "Publisher"; Value = "Altium Limited"; VariantName = "[No Variations]"
Added Component: Designator=CN15(1*1P_MALE)
Add component (AddParameter): Name = "LatestRevisionDate"; Value = "17-Jul-2002"; VariantName = "[No Variations]"
Add component (AddParameter): Name = "LatestRevisionNote"; Value = "Re-released for DXP Platform."; VariantName = "[No Variations]"
Add component (AddParameter): Name = "Publisher"; Value = "Altium Limited"; VariantName = "[No Variations]"
Added Component: Designator=CN16(1*1P_MALE)
Add component (AddParameter): Name = "LatestRevisionDate"; Value = "17-Jul-2002"; VariantName = "[No Variations]"
Add component (AddParameter): Name = "LatestRevisionNote"; Value = "Re-released for DXP Platform."; VariantName = "[No Variations]"
Add component (AddParameter): Name = "Publisher"; Value = "Altium Limited"; VariantName = "[No Variations]"
Added Component: Designator=CN17(1*1P_MALE)
Add component (AddParameter): Name = "LatestRevisionDate"; Value = "17-Jul-2002"; VariantName = "[No Variations]"
Add component (AddParameter): Name = "LatestRevisionNote"; Value = "Re-released for DXP Platform."; VariantName = "[No Variations]"
Add component (AddParameter): Name = "Publisher"; Value = "Altium Limited"; VariantName = "[No Variations]"
Added Component: Designator=CN18(1*1P_MALE)
Add component (AddParameter): Name = "LatestRevisionDate"; Value = "17-Jul-2002"; VariantName = "[No Variations]"
Add component (AddParameter): Name = "LatestRevisionNote"; Value = "Re-released for DXP Platform."; VariantName = "[No Variations]"
Add component (AddParameter): Name = "Publisher"; Value = "Altium Limited"; VariantName = "[No Variations]"
Added Component: Designator=CN19(1*1P_MALE)
Add component (AddParameter): Name = "LatestRevisionDate"; Value = "17-Jul-2002"; VariantName = "[No Variations]"
Add component (AddParameter): Name = "LatestRevisionNote"; Value = "Re-released for DXP Platform."; VariantName = "[No Variations]"
Add component (AddParameter): Name = "Publisher"; Value = "Altium Limited"; VariantName = "[No Variations]"
Added Component: Designator=CN20(1*1P_MALE)
Add component (AddParameter): Name = "LatestRevisionDate"; Value = "17-Jul-2002"; VariantName = "[No Variations]"
Add component (AddParameter): Name = "LatestRevisionNote"; Value = "Re-released for DXP Platform."; VariantName = "[No Variations]"
Add component (AddParameter): Name = "Publisher"; Value = "Altium Limited"; VariantName = "[No Variations]"
Added Component: Designator=CN21(1*1P_MALE)
Add component (AddParameter): Name = "LatestRevisionDate"; Value = "17-Jul-2002"; VariantName = "[No Variations]"
Add component (AddParameter): Name = "LatestRevisionNote"; Value = "Re-released for DXP Platform."; VariantName = "[No Variations]"
Add component (AddParameter): Name = "Publisher"; Value = "Altium Limited"; VariantName = "[No Variations]"
Added Component: Designator=CN22(1*1P_MALE)
Add component (AddParameter): Name = "LatestRevisionDate"; Value = "17-Jul-2002"; VariantName = "[No Variations]"
Add component (AddParameter): Name = "LatestRevisionNote"; Value = "Re-released for DXP Platform."; VariantName = "[No Variations]"
Add component (AddParameter): Name = "Publisher"; Value = "Altium Limited"; VariantName = "[No Variations]"
Added Component: Designator=CN23(1*1P_MALE)
Add component (AddParameter): Name = "LatestRevisionDate"; Value = "17-Jul-2002"; VariantName = "[No Variations]"
Add component (AddParameter): Name = "LatestRevisionNote"; Value = "Re-released for DXP Platform."; VariantName = "[No Variations]"
Add component (AddParameter): Name = "Publisher"; Value = "Altium Limited"; VariantName = "[No Variations]"
Added Component: Designator=CN24(1*1P_MALE)
Add component (AddParameter): Name = "LatestRevisionDate"; Value = "17-Jul-2002"; VariantName = "[No Variations]"
Add component (AddParameter): Name = "LatestRevisionNote"; Value = "Re-released for DXP Platform."; VariantName = "[No Variations]"
Add component (AddParameter): Name = "Publisher"; Value = "Altium Limited"; VariantName = "[No Variations]"
Added Component: Designator=CN25(1*1P_MALE)
Add component (AddParameter): Name = "LatestRevisionDate"; Value = "17-Jul-2002"; VariantName = "[No Variations]"
Add component (AddParameter): Name = "LatestRevisionNote"; Value = "Re-released for DXP Platform."; VariantName = "[No Variations]"
Add component (AddParameter): Name = "Publisher"; Value = "Altium Limited"; VariantName = "[No Variations]"
Added Component: Designator=CN26(1*1P_MALE)
Add component (AddParameter): Name = "LatestRevisionDate"; Value = "17-Jul-2002"; VariantName = "[No Variations]"
Add component (AddParameter): Name = "LatestRevisionNote"; Value = "Re-released for DXP Platform."; VariantName = "[No Variations]"
Add component (AddParameter): Name = "Publisher"; Value = "Altium Limited"; VariantName = "[No Variations]"
Added Component: Designator=CN27(1*1P_MALE)
Add component (AddParameter): Name = "LatestRevisionDate"; Value = "17-Jul-2002"; VariantName = "[No Variations]"
Add component (AddParameter): Name = "LatestRevisionNote"; Value = "Re-released for DXP Platform."; VariantName = "[No Variations]"
Add component (AddParameter): Name = "Publisher"; Value = "Altium Limited"; VariantName = "[No Variations]"
Added Component: Designator=CN28(1*1P_MALE)
Add component (AddParameter): Name = "LatestRevisionDate"; Value = "17-Jul-2002"; VariantName = "[No Variations]"
Add component (AddParameter): Name = "LatestRevisionNote"; Value = "Re-released for DXP Platform."; VariantName = "[No Variations]"
Add component (AddParameter): Name = "Publisher"; Value = "Altium Limited"; VariantName = "[No Variations]"
Added Component: Designator=CN29(1*1P_MALE)
Add component (AddParameter): Name = "LatestRevisionDate"; Value = "17-Jul-2002"; VariantName = "[No Variations]"
Add component (AddParameter): Name = "LatestRevisionNote"; Value = "Re-released for DXP Platform."; VariantName = "[No Variations]"
Add component (AddParameter): Name = "Publisher"; Value = "Altium Limited"; VariantName = "[No Variations]"
Added Component: Designator=CN30(1*1P_MALE)
Add component (AddParameter): Name = "LatestRevisionDate"; Value = "17-Jul-2002"; VariantName = "[No Variations]"
Add component (AddParameter): Name = "LatestRevisionNote"; Value = "Re-released for DXP Platform."; VariantName = "[No Variations]"
Add component (AddParameter): Name = "Publisher"; Value = "Altium Limited"; VariantName = "[No Variations]"
Added Component: Designator=D1(LED_DIODE_3.9mm)
Added Component: Designator=D2(LED_DIODE_3.9mm)
Added Component: Designator=J1(JST 6 PIN CONNECTOR)
Added Component: Designator=R1(RES_AXIAL_3.2_6MM)
Added Component: Designator=R2(RES_AXIAL_3.2_6MM)
Added Component: Designator=R3(RES_AXIAL_3.2_6MM)
Added Component: Designator=U1(1*4P_FEMALE)
Added Component: Designator=U2(IRU1050)
Added Component: Designator=U3(STEP_DOWN_MODULE)
Added Pin To Net: NetName=+3V3 Pin=C5-1
Added Pin To Net: NetName=+3V3 Pin=C6-1
Added Pin To Net: NetName=+3V3 Pin=C7-1
Added Pin To Net: NetName=+3V3 Pin=CN5-5
Added Pin To Net: NetName=+3V3 Pin=CN8-1
Added Pin To Net: NetName=+3V3 Pin=CN16-1
Added Pin To Net: NetName=+3V3 Pin=J1-5
Added Pin To Net: NetName=+3V3 Pin=U2-2
Added Net: Name=+3V3
Added Pin To Net: NetName=+5 Pin=C4-1
Added Pin To Net: NetName=+5 Pin=C8-1
Added Pin To Net: NetName=+5 Pin=CN1-3
Added Pin To Net: NetName=+5 Pin=CN9-2
Added Pin To Net: NetName=+5 Pin=CN14-1
Added Pin To Net: NetName=+5 Pin=R3-2
Added Pin To Net: NetName=+5 Pin=U1-2
Added Pin To Net: NetName=+5 Pin=U2-3
Added Net: Name=+5
Added Pin To Net: NetName=+12 Pin=C2-1
Added Pin To Net: NetName=+12 Pin=C3-1
Added Pin To Net: NetName=+12 Pin=CN10-1
Added Pin To Net: NetName=+12 Pin=CN12-1
Added Pin To Net: NetName=+12 Pin=U3-1
Added Net: Name=+12
Added Pin To Net: NetName=3V3D Pin=CN3-1
Added Net: Name=3V3D
Added Pin To Net: NetName=3V3 Pin=CN4-18
Added Pin To Net: NetName=3V3 Pin=CN8-2
Added Net: Name=3V3
Added Pin To Net: NetName=5V Pin=CN3-3
Added Net: Name=5V
Added Pin To Net: NetName=GND Pin=C1-2
Added Pin To Net: NetName=GND Pin=C2-2
Added Pin To Net: NetName=GND Pin=C3-2
Added Pin To Net: NetName=GND Pin=C4-2
Added Pin To Net: NetName=GND Pin=C5-2
Added Pin To Net: NetName=GND Pin=C6-2
Added Pin To Net: NetName=GND Pin=C7-2
Added Pin To Net: NetName=GND Pin=C8-2
Added Pin To Net: NetName=GND Pin=CN1-4
Added Pin To Net: NetName=GND Pin=CN2-1
Added Pin To Net: NetName=GND Pin=CN3-2
Added Pin To Net: NetName=GND Pin=CN4-19
Added Pin To Net: NetName=GND Pin=CN5-1
Added Pin To Net: NetName=GND Pin=CN6-1
Added Pin To Net: NetName=GND Pin=CN7-1
Added Pin To Net: NetName=GND Pin=CN10-2
Added Pin To Net: NetName=GND Pin=CN18-1
Added Pin To Net: NetName=GND Pin=CN20-1
Added Pin To Net: NetName=GND Pin=CN22-1
Added Pin To Net: NetName=GND Pin=D1-K
Added Pin To Net: NetName=GND Pin=D2-K
Added Pin To Net: NetName=GND Pin=J1-6
Added Pin To Net: NetName=GND Pin=U1-1
Added Pin To Net: NetName=GND Pin=U2-1
Added Pin To Net: NetName=GND Pin=U3-2
Added Pin To Net: NetName=GND Pin=U3-4
Added Net: Name=GND
Added Pin To Net: NetName=I2C1_SCL Pin=CN3-7
Added Pin To Net: NetName=I2C1_SCL Pin=CN7-3
Added Pin To Net: NetName=I2C1_SCL Pin=CN23-1
Added Net: Name=I2C1_SCL
Added Pin To Net: NetName=I2C1_SDA Pin=CN3-6
Added Pin To Net: NetName=I2C1_SDA Pin=CN7-2
Added Pin To Net: NetName=I2C1_SDA Pin=CN24-1
Added Net: Name=I2C1_SDA
Added Pin To Net: NetName=I2C2_ENCO_DIR Pin=CN4-13
Added Pin To Net: NetName=I2C2_ENCO_DIR Pin=CN17-1
Added Pin To Net: NetName=I2C2_ENCO_DIR Pin=J1-1
Added Net: Name=I2C2_ENCO_DIR
Added Pin To Net: NetName=I2C2_SCL Pin=CN1-1
Added Pin To Net: NetName=I2C2_SCL Pin=CN4-15
Added Pin To Net: NetName=I2C2_SCL Pin=CN19-1
Added Pin To Net: NetName=I2C2_SCL Pin=J1-2
Added Pin To Net: NetName=I2C2_SCL Pin=U1-4
Added Net: Name=I2C2_SCL
Added Pin To Net: NetName=I2C2_SDA Pin=CN1-2
Added Pin To Net: NetName=I2C2_SDA Pin=CN4-16
Added Pin To Net: NetName=I2C2_SDA Pin=CN21-1
Added Pin To Net: NetName=I2C2_SDA Pin=J1-3
Added Pin To Net: NetName=I2C2_SDA Pin=U1-3
Added Net: Name=I2C2_SDA
Added Pin To Net: NetName=IN_1_MOTOR Pin=CN2-3
Added Pin To Net: NetName=IN_1_MOTOR Pin=CN3-14
Added Pin To Net: NetName=IN_1_MOTOR Pin=CN13-1
Added Net: Name=IN_1_MOTOR
Added Pin To Net: NetName=IN_2_MOTOR Pin=CN2-2
Added Pin To Net: NetName=IN_2_MOTOR Pin=CN3-13
Added Pin To Net: NetName=IN_2_MOTOR Pin=CN15-1
Added Net: Name=IN_2_MOTOR
Added Pin To Net: NetName=NetCN9_1 Pin=CN9-1
Added Pin To Net: NetName=NetCN9_1 Pin=U3-3
Added Net: Name=NetCN9_1
Added Pin To Net: NetName=NetD1_A Pin=D1-A
Added Pin To Net: NetName=NetD1_A Pin=R2-1
Added Net: Name=NetD1_A
Added Pin To Net: NetName=NetD2_A Pin=D2-A
Added Pin To Net: NetName=NetD2_A Pin=R3-1
Added Net: Name=NetD2_A
Added Pin To Net: NetName=NRST Pin=CN4-17
Added Net: Name=NRST
Added Pin To Net: NetName=PA0 Pin=CN4-5
Added Net: Name=PA0
Added Pin To Net: NetName=PA1 Pin=CN4-6
Added Pin To Net: NetName=PA1 Pin=R2-2
Added Net: Name=PA1
Added Pin To Net: NetName=PA4 Pin=CN4-9
Added Net: Name=PA4
Added Pin To Net: NetName=PA5 Pin=CN4-10
Added Net: Name=PA5
Added Pin To Net: NetName=PA7 Pin=CN4-12
Added Net: Name=PA7
Added Pin To Net: NetName=PA8 Pin=CN3-16
Added Net: Name=PA8
Added Pin To Net: NetName=PA12 Pin=CN3-12
Added Net: Name=PA12
Added Pin To Net: NetName=PA15 Pin=CN3-11
Added Net: Name=PA15
Added Pin To Net: NetName=PB1 Pin=CN4-14
Added Net: Name=PB1
Added Pin To Net: NetName=PB3 Pin=CN3-10
Added Pin To Net: NetName=PB3 Pin=CN5-2
Added Pin To Net: NetName=PB3 Pin=CN27-1
Added Net: Name=PB3
Added Pin To Net: NetName=PB4 Pin=CN3-9
Added Pin To Net: NetName=PB4 Pin=CN5-3
Added Pin To Net: NetName=PB4 Pin=CN26-1
Added Net: Name=PB4
Added Pin To Net: NetName=PB5 Pin=CN3-8
Added Pin To Net: NetName=PB5 Pin=CN5-4
Added Pin To Net: NetName=PB5 Pin=CN25-1
Added Net: Name=PB5
Added Pin To Net: NetName=PB8 Pin=CN3-5
Added Net: Name=PB8
Added Pin To Net: NetName=PB9 Pin=CN3-4
Added Net: Name=PB9
Added Pin To Net: NetName=PB12 Pin=CN3-20
Added Net: Name=PB12
Added Pin To Net: NetName=PB13 Pin=CN3-19
Added Net: Name=PB13
Added Pin To Net: NetName=PB14 Pin=CN3-18
Added Net: Name=PB14
Added Pin To Net: NetName=PB15 Pin=CN3-17
Added Net: Name=PB15
Added Pin To Net: NetName=PC13 Pin=CN4-2
Added Net: Name=PC13
Added Pin To Net: NetName=PC14 Pin=CN4-3
Added Net: Name=PC14
Added Pin To Net: NetName=PC15 Pin=CN4-4
Added Net: Name=PC15
Added Pin To Net: NetName=PWM_ADC6 Pin=C1-1
Added Pin To Net: NetName=PWM_ADC6 Pin=CN4-11
Added Pin To Net: NetName=PWM_ADC6 Pin=CN28-1
Added Pin To Net: NetName=PWM_ADC6 Pin=R1-2
Added Net: Name=PWM_ADC6
Added Pin To Net: NetName=TIMER_1_CH_2_PWM Pin=CN2-4
Added Pin To Net: NetName=TIMER_1_CH_2_PWM Pin=CN3-15
Added Pin To Net: NetName=TIMER_1_CH_2_PWM Pin=CN11-1
Added Pin To Net: NetName=TIMER_1_CH_2_PWM Pin=R1-1
Added Net: Name=TIMER_1_CH_2_PWM
Added Pin To Net: NetName=UART2_RX Pin=CN4-8
Added Pin To Net: NetName=UART2_RX Pin=CN6-3
Added Pin To Net: NetName=UART2_RX Pin=CN30-1
Added Net: Name=UART2_RX
Added Pin To Net: NetName=UART2_TX Pin=CN4-7
Added Pin To Net: NetName=UART2_TX Pin=CN6-2
Added Pin To Net: NetName=UART2_TX Pin=CN29-1
Added Net: Name=UART2_TX
Added Pin To Net: NetName=VBAT Pin=CN4-1
Added Net: Name=VBAT
Added Class: Name=MainCircuit
Added Class: Name=PowerStage
Added Class: Name=TestPoints
